Resolving dependencies...
Downloading packages...
  characters 1.4.0 (1.4.1 available)
  matcher 0.12.17 (0.12.18 available)
  material_color_utilities 0.11.1 (0.13.0 available)
  test_api 0.7.7 (0.7.8 available)
Got dependencies!
4 packages have newer versions incompatible with dependency constraints.
Try `flutter pub outdated` for more information.
Analyzing New folder (9)...                                     

   info - 'background' is deprecated and shouldn't be used. Use surface instead. This feature was deprecated after v3.18.0-0.1.pre - lib\main.dart:31:11 - deprecated_member_use
   info - 'onBackground' is deprecated and shouldn't be used. Use onSurface instead. This feature was deprecated after v3.18.0-0.1.pre - lib\main.dart:36:11 - deprecated_member_use
  error - The named parameter 'meta' is required, but there's no corresponding argument - lib\screens\dashboard_screen.dart:97:28 - missing_required_argument
  error - The named parameter 'axisSide' isn't defined - lib\screens\dashboard_screen.dart:98:23 - undefined_named_parameter
warning - Dead code - lib\screens\dashboard_screen.dart:194:36 - dead_code
warning - Dead code - lib\screens\dashboard_screen.dart:195:34 - dead_code
warning - Unused import: 'package:flutter/material.dart' - test\widget_test.dart:1:8 - unused_import

